Using device: cuda:0
Pre-filtered 30767 patches based on country and season (split ignored)
Loading BEN data for train...
    237871 patches indexed
    14805 filtered patches indexed
    14805 patches indexed considering max_len
Merged metadata with snow/cloud metadata
Loaded 549488 labels
Loaded 549488 keys
Loaded mapping created
Pre-filtered 30767 patches based on country and season (split ignored)
Loading BEN data for test...
    119825 patches indexed
    8209 filtered patches indexed
    8209 patches indexed considering max_len
Merged metadata with snow/cloud metadata
Loaded 549488 labels
Loaded 549488 keys
Loaded mapping created
Pre-filtered 15549 patches based on country and season (split ignored)
Loading BEN data for train...
    237871 patches indexed
    7150 filtered patches indexed
    7150 patches indexed considering max_len
Merged metadata with snow/cloud metadata
Loaded 549488 labels
Loaded 549488 keys
Loaded mapping created
Pre-filtered 15549 patches based on country and season (split ignored)
Loading BEN data for test...
    119825 patches indexed
    4263 filtered patches indexed
    4263 patches indexed considering max_len
Merged metadata with snow/cloud metadata
Loaded 549488 labels
Loaded 549488 keys
Loaded mapping created
Pre-filtered 13683 patches based on country and season (split ignored)
Loading BEN data for train...
    237871 patches indexed
    7180 filtered patches indexed
    7180 patches indexed considering max_len
Merged metadata with snow/cloud metadata
Loaded 549488 labels
Loaded 549488 keys
Loaded mapping created
Pre-filtered 13683 patches based on country and season (split ignored)
Loading BEN data for test...
    119825 patches indexed
    3248 filtered patches indexed
    3248 patches indexed considering max_len
Merged metadata with snow/cloud metadata
Loaded 549488 labels
Loaded 549488 keys
Loaded mapping created
Pre-filtered 10372 patches based on country and season (split ignored)
Loading BEN data for train...
    237871 patches indexed
    5941 filtered patches indexed
    5941 patches indexed considering max_len
Merged metadata with snow/cloud metadata
Loaded 549488 labels
Loaded 549488 keys
Loaded mapping created
Pre-filtered 10372 patches based on country and season (split ignored)
Loading BEN data for test...
    119825 patches indexed
    1871 filtered patches indexed
    1871 patches indexed considering max_len
Merged metadata with snow/cloud metadata
Loaded 549488 labels
Loaded 549488 keys
Loaded mapping created
Pre-filtered 1939 patches based on country and season (split ignored)
Loading BEN data for train...
    237871 patches indexed
    1323 filtered patches indexed
    1323 patches indexed considering max_len
Merged metadata with snow/cloud metadata
Loaded 549488 labels
Loaded 549488 keys
Loaded mapping created
Pre-filtered 1939 patches based on country and season (split ignored)
Loading BEN data for test...
    119825 patches indexed
    32 filtered patches indexed
    32 patches indexed considering max_len
Merged metadata with snow/cloud metadata
Loaded 549488 labels
Loaded 549488 keys
Loaded mapping created
Pre-filtered 8775 patches based on country and season (split ignored)
Loading BEN data for train...
    237871 patches indexed
    4206 filtered patches indexed
    4206 patches indexed considering max_len
Merged metadata with snow/cloud metadata
Loaded 549488 labels
Loaded 549488 keys
Loaded mapping created
Pre-filtered 8775 patches based on country and season (split ignored)
Loading BEN data for test...
    119825 patches indexed
    2151 filtered patches indexed
    2151 patches indexed considering max_len
Merged metadata with snow/cloud metadata
Loaded 549488 labels
Loaded 549488 keys
Loaded mapping created
Pre-filtered 16438 patches based on country and season (split ignored)
Loading BEN data for train...
    237871 patches indexed
    8037 filtered patches indexed
    8037 patches indexed considering max_len
Merged metadata with snow/cloud metadata
Loaded 549488 labels
Loaded 549488 keys
Loaded mapping created
Pre-filtered 16438 patches based on country and season (split ignored)
Loading BEN data for test...
    119825 patches indexed
    4220 filtered patches indexed
    4220 patches indexed considering max_len
Merged metadata with snow/cloud metadata
Loaded 549488 labels
Loaded 549488 keys
Loaded mapping created
Pre-filtered 4874 patches based on country and season (split ignored)
Loading BEN data for train...
    237871 patches indexed
    1692 filtered patches indexed
    1692 patches indexed considering max_len
Merged metadata with snow/cloud metadata
Loaded 549488 labels
Loaded 549488 keys
Loaded mapping created
Pre-filtered 4874 patches based on country and season (split ignored)
Loading BEN data for test...
    119825 patches indexed
    2039 filtered patches indexed
    2039 patches indexed considering max_len
Merged metadata with snow/cloud metadata
Loaded 549488 labels
Loaded 549488 keys
Loaded mapping created
Pre-filtered 102397 patches based on country and season (split ignored)
Loading BEN data for test...
    119825 patches indexed
    26033 filtered patches indexed
    26033 patches indexed considering max_len
Merged metadata with snow/cloud metadata
Loaded 549488 labels
Loaded 549488 keys
Loaded mapping created
Round 1/40
----------
Epoch 1/2
----------
Epoch 2/2
----------
Epoch 1/2
----------
Epoch 2/2
----------
Epoch 1/2
----------
Epoch 2/2
----------
Epoch 1/2
----------
Epoch 2/2
----------
Epoch 1/2
----------
Epoch 2/2
----------
Epoch 1/2
----------
Epoch 2/2
----------
Epoch 1/2
----------
Epoch 2/2
----------
Epoch 1/2
----------
Epoch 2/2
----------
micro     precision: 0.0000 | recall: 0.0000 | f1-score: 0.0000 | support: 76221 | mAP: 0.2995
macro     precision: 0.0000 | recall: 0.0000 | f1-score: 0.0000 | support: 76221 | mAP: 0.2587

Round 2/40
----------
Epoch 1/2
----------
Epoch 2/2
----------
Epoch 1/2
----------
Epoch 2/2
----------
Epoch 1/2
----------
Epoch 2/2
----------
Epoch 1/2
----------
Epoch 2/2
----------
Epoch 1/2
----------
Epoch 2/2
----------
Epoch 1/2
----------
Epoch 2/2
----------
Epoch 1/2
----------
Epoch 2/2
----------
Epoch 1/2
----------
Epoch 2/2
----------
micro     precision: 0.5880 | recall: 0.1497 | f1-score: 0.2387 | support: 76221 | mAP: 0.4095
macro     precision: 0.1113 | recall: 0.0687 | f1-score: 0.0698 | support: 76221 | mAP: 0.3045

Round 3/40
----------
Epoch 1/2
----------
Epoch 2/2
----------
Epoch 1/2
----------
Epoch 2/2
----------
Epoch 1/2
----------
Epoch 2/2
----------
Epoch 1/2
----------
Epoch 2/2
----------
Epoch 1/2
----------
Epoch 2/2
----------
Epoch 1/2
----------
Epoch 2/2
----------
Epoch 1/2
----------
Epoch 2/2
----------
Epoch 1/2
----------
Epoch 2/2
----------
micro     precision: 0.4958 | recall: 0.1553 | f1-score: 0.2365 | support: 76221 | mAP: 0.4329
macro     precision: 0.1327 | recall: 0.0986 | f1-score: 0.1062 | support: 76221 | mAP: 0.2916

Round 4/40
----------
Epoch 1/2
----------
Epoch 2/2
----------
Epoch 1/2
----------
Epoch 2/2
----------
Epoch 1/2
----------
Epoch 2/2
----------
Epoch 1/2
----------
Epoch 2/2
----------
Epoch 1/2
----------
Epoch 2/2
----------
Epoch 1/2
----------
Epoch 2/2
----------
Epoch 1/2
----------
Epoch 2/2
----------
Epoch 1/2
----------
Epoch 2/2
----------
micro     precision: 0.4410 | recall: 0.2314 | f1-score: 0.3035 | support: 76221 | mAP: 0.3914
macro     precision: 0.1727 | recall: 0.1097 | f1-score: 0.1042 | support: 76221 | mAP: 0.2936

Round 5/40
----------
Epoch 1/2
----------
Epoch 2/2
----------
Epoch 1/2
----------
Epoch 2/2
----------
Epoch 1/2
----------
Epoch 2/2
----------
Epoch 1/2
----------
Epoch 2/2
----------
Epoch 1/2
----------
Epoch 2/2
----------
Epoch 1/2
----------
Epoch 2/2
----------
Epoch 1/2
----------
Epoch 2/2
----------
Epoch 1/2
----------
Epoch 2/2
----------
micro     precision: 0.5219 | recall: 0.2142 | f1-score: 0.3038 | support: 76221 | mAP: 0.4593
macro     precision: 0.3172 | recall: 0.1257 | f1-score: 0.1393 | support: 76221 | mAP: 0.3316

Round 6/40
----------
Epoch 1/2
----------
Epoch 2/2
----------
Epoch 1/2
----------
Epoch 2/2
----------
Epoch 1/2
----------
Epoch 2/2
----------
Epoch 1/2
----------
Epoch 2/2
----------
Epoch 1/2
----------
Epoch 2/2
----------
Epoch 1/2
----------
Epoch 2/2
----------
Epoch 1/2
----------
Epoch 2/2
----------
Epoch 1/2
----------
Epoch 2/2
----------
micro     precision: 0.4880 | recall: 0.2839 | f1-score: 0.3589 | support: 76221 | mAP: 0.4081
macro     precision: 0.2604 | recall: 0.1436 | f1-score: 0.1411 | support: 76221 | mAP: 0.3237

Round 7/40
----------
Epoch 1/2
----------
Epoch 2/2
----------
Epoch 1/2
----------
Epoch 2/2
----------
Epoch 1/2
----------
Epoch 2/2
----------
Epoch 1/2
----------
Epoch 2/2
----------
Epoch 1/2
----------
Epoch 2/2
----------
Epoch 1/2
----------
Epoch 2/2
----------
Epoch 1/2
----------
Epoch 2/2
----------
Epoch 1/2
----------
Epoch 2/2
----------
micro     precision: 0.4843 | recall: 0.3706 | f1-score: 0.4199 | support: 76221 | mAP: 0.4479
macro     precision: 0.2386 | recall: 0.2083 | f1-score: 0.1856 | support: 76221 | mAP: 0.3444

Round 8/40
----------
Epoch 1/2
----------
Epoch 2/2
----------
Epoch 1/2
----------
Epoch 2/2
----------
Epoch 1/2
----------
Epoch 2/2
----------
Epoch 1/2
----------
Epoch 2/2
----------
Epoch 1/2
----------
Epoch 2/2
----------
Epoch 1/2
----------
Epoch 2/2
----------
Epoch 1/2
----------
Epoch 2/2
----------
Epoch 1/2
----------
Epoch 2/2
----------
micro     precision: 0.5230 | recall: 0.3637 | f1-score: 0.4291 | support: 76221 | mAP: 0.4649
macro     precision: 0.3491 | recall: 0.2039 | f1-score: 0.1937 | support: 76221 | mAP: 0.3279

Round 9/40
----------
Epoch 1/2
----------
Epoch 2/2
----------
Epoch 1/2
----------
Epoch 2/2
----------
Epoch 1/2
----------
Epoch 2/2
----------
Epoch 1/2
----------
Epoch 2/2
----------
Epoch 1/2
----------
Epoch 2/2
----------
Epoch 1/2
----------
Epoch 2/2
----------
Epoch 1/2
----------
Epoch 2/2
----------
Epoch 1/2
----------
Epoch 2/2
----------
micro     precision: 0.4803 | recall: 0.4223 | f1-score: 0.4494 | support: 76221 | mAP: 0.4793
macro     precision: 0.3574 | recall: 0.2366 | f1-score: 0.2202 | support: 76221 | mAP: 0.3573

Round 10/40
----------
Epoch 1/2
----------
Epoch 2/2
----------
Epoch 1/2
----------
Epoch 2/2
----------
Epoch 1/2
----------
Epoch 2/2
----------
Epoch 1/2
----------
Epoch 2/2
----------
Epoch 1/2
----------
Epoch 2/2
----------
Epoch 1/2
----------
Epoch 2/2
----------
Epoch 1/2
----------
Epoch 2/2
----------
Epoch 1/2
----------
Epoch 2/2
----------
micro     precision: 0.5394 | recall: 0.2754 | f1-score: 0.3646 | support: 76221 | mAP: 0.5027
macro     precision: 0.3076 | recall: 0.1186 | f1-score: 0.1250 | support: 76221 | mAP: 0.3435

Round 11/40
----------
Epoch 1/2
----------
Epoch 2/2
----------
Epoch 1/2
----------
Epoch 2/2
----------
Epoch 1/2
----------
Epoch 2/2
----------
Epoch 1/2
----------
Epoch 2/2
----------
Epoch 1/2
----------
Epoch 2/2
----------
Epoch 1/2
----------
Epoch 2/2
----------
Epoch 1/2
----------
Epoch 2/2
----------
Epoch 1/2
----------
Epoch 2/2
----------
micro     precision: 0.5837 | recall: 0.3928 | f1-score: 0.4696 | support: 76221 | mAP: 0.5434
macro     precision: 0.4338 | recall: 0.2107 | f1-score: 0.2054 | support: 76221 | mAP: 0.3595

Round 12/40
----------
Epoch 1/2
----------
Epoch 2/2
----------
Epoch 1/2
----------
Epoch 2/2
----------
Epoch 1/2
----------
Epoch 2/2
----------
Epoch 1/2
----------
Epoch 2/2
----------
Epoch 1/2
----------
Epoch 2/2
----------
Epoch 1/2
----------
Epoch 2/2
----------
Epoch 1/2
----------
Epoch 2/2
----------
Epoch 1/2
----------
Epoch 2/2
----------
micro     precision: 0.4477 | recall: 0.4252 | f1-score: 0.4362 | support: 76221 | mAP: 0.4463
macro     precision: 0.3024 | recall: 0.2049 | f1-score: 0.1787 | support: 76221 | mAP: 0.3194

Round 13/40
----------
Epoch 1/2
----------
Epoch 2/2
----------
Epoch 1/2
----------
Epoch 2/2
----------
Epoch 1/2
----------
Epoch 2/2
----------
Epoch 1/2
----------
Epoch 2/2
----------
Epoch 1/2
----------
Epoch 2/2
----------
Epoch 1/2
----------
Epoch 2/2
----------
Epoch 1/2
----------
Epoch 2/2
----------
Epoch 1/2
----------
Epoch 2/2
----------
micro     precision: 0.6394 | recall: 0.4003 | f1-score: 0.4924 | support: 76221 | mAP: 0.5540
macro     precision: 0.3841 | recall: 0.2108 | f1-score: 0.2231 | support: 76221 | mAP: 0.3658

Round 14/40
----------
Epoch 1/2
----------
Epoch 2/2
----------
Epoch 1/2
----------
Epoch 2/2
----------
Epoch 1/2
----------
Epoch 2/2
----------
Epoch 1/2
----------
Epoch 2/2
----------
Epoch 1/2
----------
Epoch 2/2
----------
Epoch 1/2
----------
Epoch 2/2
----------
Epoch 1/2
----------
Epoch 2/2
----------
Epoch 1/2
----------
Epoch 2/2
----------
micro     precision: 0.4404 | recall: 0.3145 | f1-score: 0.3670 | support: 76221 | mAP: 0.4610
macro     precision: 0.3427 | recall: 0.1640 | f1-score: 0.1661 | support: 76221 | mAP: 0.3597

Round 15/40
----------
Epoch 1/2
----------
Epoch 2/2
----------
Epoch 1/2
----------
Epoch 2/2
----------
Epoch 1/2
----------
Epoch 2/2
----------
Epoch 1/2
----------
Epoch 2/2
----------
Epoch 1/2
----------
Epoch 2/2
----------
Epoch 1/2
----------
Epoch 2/2
----------
Epoch 1/2
----------
Epoch 2/2
----------
Epoch 1/2
----------
Epoch 2/2
----------
micro     precision: 0.5882 | recall: 0.4107 | f1-score: 0.4837 | support: 76221 | mAP: 0.5394
macro     precision: 0.4440 | recall: 0.2265 | f1-score: 0.2321 | support: 76221 | mAP: 0.3764

Round 16/40
----------
Epoch 1/2
----------
Epoch 2/2
----------
Epoch 1/2
----------
Epoch 2/2
----------
Epoch 1/2
----------
Epoch 2/2
----------
Epoch 1/2
----------
Epoch 2/2
----------
Epoch 1/2
----------
Epoch 2/2
----------
Epoch 1/2
----------
Epoch 2/2
----------
Epoch 1/2
----------
Epoch 2/2
----------
Epoch 1/2
----------
Epoch 2/2
----------
micro     precision: 0.5915 | recall: 0.4148 | f1-score: 0.4876 | support: 76221 | mAP: 0.5674
macro     precision: 0.4998 | recall: 0.2484 | f1-score: 0.2674 | support: 76221 | mAP: 0.4034

Round 17/40
----------
Epoch 1/2
----------
Epoch 2/2
----------
Epoch 1/2
----------
Epoch 2/2
----------
Epoch 1/2
----------
Epoch 2/2
----------
Epoch 1/2
----------
Epoch 2/2
----------
Epoch 1/2
----------
Epoch 2/2
----------
Epoch 1/2
----------
Epoch 2/2
----------
Epoch 1/2
----------
Epoch 2/2
----------
Epoch 1/2
----------
Epoch 2/2
----------
micro     precision: 0.6125 | recall: 0.3791 | f1-score: 0.4683 | support: 76221 | mAP: 0.5162
macro     precision: 0.4802 | recall: 0.1932 | f1-score: 0.2226 | support: 76221 | mAP: 0.3903

Round 18/40
----------
Epoch 1/2
----------
Epoch 2/2
----------
Epoch 1/2
----------
Epoch 2/2
----------
Epoch 1/2
----------
Epoch 2/2
----------
Epoch 1/2
----------
Epoch 2/2
----------
Epoch 1/2
----------
Epoch 2/2
----------
Epoch 1/2
----------
Epoch 2/2
----------
Epoch 1/2
----------
Epoch 2/2
----------
Epoch 1/2
----------
Epoch 2/2
----------
micro     precision: 0.5426 | recall: 0.3230 | f1-score: 0.4049 | support: 76221 | mAP: 0.4925
macro     precision: 0.4499 | recall: 0.1636 | f1-score: 0.1830 | support: 76221 | mAP: 0.3570

Round 19/40
----------
Epoch 1/2
----------
Epoch 2/2
----------
Epoch 1/2
----------
Epoch 2/2
----------
Epoch 1/2
----------
Epoch 2/2
----------
Epoch 1/2
----------
Epoch 2/2
----------
Epoch 1/2
----------
Epoch 2/2
----------
Epoch 1/2
----------
Epoch 2/2
----------
Epoch 1/2
----------
Epoch 2/2
----------
Epoch 1/2
----------
Epoch 2/2
----------
micro     precision: 0.6435 | recall: 0.3767 | f1-score: 0.4752 | support: 76221 | mAP: 0.5387
macro     precision: 0.4147 | recall: 0.1915 | f1-score: 0.2181 | support: 76221 | mAP: 0.3719

Round 20/40
----------
Epoch 1/2
----------
Epoch 2/2
----------
Epoch 1/2
----------
Epoch 2/2
----------
Epoch 1/2
----------
Epoch 2/2
----------
Epoch 1/2
----------
Epoch 2/2
----------
Epoch 1/2
----------
Epoch 2/2
----------
Epoch 1/2
----------
Epoch 2/2
----------
Epoch 1/2
----------
Epoch 2/2
----------
Epoch 1/2
----------
Epoch 2/2
----------
micro     precision: 0.5869 | recall: 0.3589 | f1-score: 0.4454 | support: 76221 | mAP: 0.5414
macro     precision: 0.4207 | recall: 0.2007 | f1-score: 0.2273 | support: 76221 | mAP: 0.3754

Round 21/40
----------
Epoch 1/2
----------
Epoch 2/2
----------
Epoch 1/2
----------
Epoch 2/2
----------
Epoch 1/2
----------
Epoch 2/2
----------
Epoch 1/2
----------
Epoch 2/2
----------
Epoch 1/2
----------
Epoch 2/2
----------
Epoch 1/2
----------
Epoch 2/2
----------
Epoch 1/2
----------
Epoch 2/2
----------
Epoch 1/2
----------
Epoch 2/2
----------
micro     precision: 0.5770 | recall: 0.3853 | f1-score: 0.4620 | support: 76221 | mAP: 0.5436
macro     precision: 0.4466 | recall: 0.2188 | f1-score: 0.2280 | support: 76221 | mAP: 0.3824

Round 22/40
----------
Epoch 1/2
----------
Epoch 2/2
----------
Epoch 1/2
----------
Epoch 2/2
----------
Epoch 1/2
----------
Epoch 2/2
----------
Epoch 1/2
----------
Epoch 2/2
----------
Epoch 1/2
----------
Epoch 2/2
----------
Epoch 1/2
----------
Epoch 2/2
----------
Epoch 1/2
----------
Epoch 2/2
----------
Epoch 1/2
----------
Epoch 2/2
----------
micro     precision: 0.6050 | recall: 0.3763 | f1-score: 0.4640 | support: 76221 | mAP: 0.5620
macro     precision: 0.4039 | recall: 0.1949 | f1-score: 0.2243 | support: 76221 | mAP: 0.3999

Round 23/40
----------
Epoch 1/2
----------
Epoch 2/2
----------
Epoch 1/2
----------
Epoch 2/2
----------
Epoch 1/2
----------
Epoch 2/2
----------
Epoch 1/2
----------
Epoch 2/2
----------
Epoch 1/2
----------
Epoch 2/2
----------
Epoch 1/2
----------
Epoch 2/2
----------
Epoch 1/2
----------
Epoch 2/2
----------
Epoch 1/2
----------
Epoch 2/2
----------
micro     precision: 0.6086 | recall: 0.3925 | f1-score: 0.4772 | support: 76221 | mAP: 0.5036
macro     precision: 0.3998 | recall: 0.2010 | f1-score: 0.2198 | support: 76221 | mAP: 0.3431

Round 24/40
----------
Epoch 1/2
----------
Epoch 2/2
----------
Epoch 1/2
----------
Epoch 2/2
----------
Epoch 1/2
----------
Epoch 2/2
----------
Epoch 1/2
----------
Epoch 2/2
----------
Epoch 1/2
----------
Epoch 2/2
----------
Epoch 1/2
----------
Epoch 2/2
----------
Epoch 1/2
----------
Epoch 2/2
----------
Epoch 1/2
----------
Epoch 2/2
----------
micro     precision: 0.5896 | recall: 0.3576 | f1-score: 0.4452 | support: 76221 | mAP: 0.5534
macro     precision: 0.4602 | recall: 0.2058 | f1-score: 0.2161 | support: 76221 | mAP: 0.3870

Round 25/40
----------
Epoch 1/2
----------
Epoch 2/2
----------
Epoch 1/2
----------
Epoch 2/2
----------
Epoch 1/2
----------
Epoch 2/2
----------
Epoch 1/2
----------
Epoch 2/2
----------
Epoch 1/2
----------
Epoch 2/2
----------
Epoch 1/2
----------
Epoch 2/2
----------
Epoch 1/2
----------
Epoch 2/2
----------
Epoch 1/2
----------
Epoch 2/2
----------
micro     precision: 0.7280 | recall: 0.3262 | f1-score: 0.4506 | support: 76221 | mAP: 0.5891
macro     precision: 0.4891 | recall: 0.1825 | f1-score: 0.2187 | support: 76221 | mAP: 0.3899

Round 26/40
----------
Epoch 1/2
----------
Epoch 2/2
----------
Epoch 1/2
----------
Epoch 2/2
----------
Epoch 1/2
----------
Epoch 2/2
----------
Epoch 1/2
----------
Epoch 2/2
----------
Epoch 1/2
----------
Epoch 2/2
----------
Epoch 1/2
----------
Epoch 2/2
----------
Epoch 1/2
----------
Epoch 2/2
----------
Epoch 1/2
----------
Epoch 2/2
----------
micro     precision: 0.6929 | recall: 0.3499 | f1-score: 0.4649 | support: 76221 | mAP: 0.5970
macro     precision: 0.4931 | recall: 0.2031 | f1-score: 0.2485 | support: 76221 | mAP: 0.4219

Round 27/40
----------
Epoch 1/2
----------
Epoch 2/2
----------
Epoch 1/2
----------
Epoch 2/2
----------
Epoch 1/2
----------
Epoch 2/2
----------
Epoch 1/2
----------
Epoch 2/2
----------
Epoch 1/2
----------
Epoch 2/2
----------
Epoch 1/2
----------
Epoch 2/2
----------
Epoch 1/2
----------
Epoch 2/2
----------
Epoch 1/2
----------
Epoch 2/2
----------
micro     precision: 0.6689 | recall: 0.3383 | f1-score: 0.4493 | support: 76221 | mAP: 0.5587
macro     precision: 0.4246 | recall: 0.1612 | f1-score: 0.1909 | support: 76221 | mAP: 0.3743

Round 28/40
----------
Epoch 1/2
----------
Epoch 2/2
----------
Epoch 1/2
----------
Epoch 2/2
----------
Epoch 1/2
----------
Epoch 2/2
----------
Epoch 1/2
----------
Epoch 2/2
----------
Epoch 1/2
----------
Epoch 2/2
----------
Epoch 1/2
----------
Epoch 2/2
----------
Epoch 1/2
----------
Epoch 2/2
----------
Epoch 1/2
----------
Epoch 2/2
----------
micro     precision: 0.6728 | recall: 0.3896 | f1-score: 0.4935 | support: 76221 | mAP: 0.5935
macro     precision: 0.5192 | recall: 0.2174 | f1-score: 0.2589 | support: 76221 | mAP: 0.4096

Round 29/40
----------
Epoch 1/2
----------
Epoch 2/2
----------
Epoch 1/2
----------
Epoch 2/2
----------
Epoch 1/2
----------
Epoch 2/2
----------
Epoch 1/2
----------
Epoch 2/2
----------
Epoch 1/2
----------
Epoch 2/2
----------
Epoch 1/2
----------
Epoch 2/2
----------
Epoch 1/2
----------
Epoch 2/2
----------
Epoch 1/2
----------
Epoch 2/2
----------
micro     precision: 0.6439 | recall: 0.3929 | f1-score: 0.4880 | support: 76221 | mAP: 0.5587
macro     precision: 0.4527 | recall: 0.2129 | f1-score: 0.2491 | support: 76221 | mAP: 0.3736

Round 30/40
----------
Epoch 1/2
----------
Epoch 2/2
----------
Epoch 1/2
----------
Epoch 2/2
----------
Epoch 1/2
----------
Epoch 2/2
----------
Epoch 1/2
----------
Epoch 2/2
----------
Epoch 1/2
----------
Epoch 2/2
----------
Epoch 1/2
----------
Epoch 2/2
----------
Epoch 1/2
----------
Epoch 2/2
----------
Epoch 1/2
----------
Epoch 2/2
----------
micro     precision: 0.6601 | recall: 0.3654 | f1-score: 0.4704 | support: 76221 | mAP: 0.5927
macro     precision: 0.4716 | recall: 0.2321 | f1-score: 0.2715 | support: 76221 | mAP: 0.4299

Round 31/40
----------
Epoch 1/2
----------
Epoch 2/2
----------
Epoch 1/2
----------
Epoch 2/2
----------
Epoch 1/2
----------
Epoch 2/2
----------
Epoch 1/2
----------
Epoch 2/2
----------
Epoch 1/2
----------
Epoch 2/2
----------
Epoch 1/2
----------
Epoch 2/2
----------
Epoch 1/2
----------
Epoch 2/2
----------
Epoch 1/2
----------
Epoch 2/2
----------
micro     precision: 0.6803 | recall: 0.2593 | f1-score: 0.3755 | support: 76221 | mAP: 0.5477
macro     precision: 0.4576 | recall: 0.1323 | f1-score: 0.1694 | support: 76221 | mAP: 0.3607

Round 32/40
----------
Epoch 1/2
----------
Epoch 2/2
----------
Epoch 1/2
----------
Epoch 2/2
----------
Epoch 1/2
----------
Epoch 2/2
----------
Epoch 1/2
----------
Epoch 2/2
----------
Epoch 1/2
----------
Epoch 2/2
----------
Epoch 1/2
----------
Epoch 2/2
----------
Epoch 1/2
----------
Epoch 2/2
----------
Epoch 1/2
----------
Epoch 2/2
----------
micro     precision: 0.6664 | recall: 0.3936 | f1-score: 0.4949 | support: 76221 | mAP: 0.5771
macro     precision: 0.4696 | recall: 0.2158 | f1-score: 0.2565 | support: 76221 | mAP: 0.4238

Round 33/40
----------
Epoch 1/2
----------
Epoch 2/2
----------
Epoch 1/2
----------
Epoch 2/2
----------
Epoch 1/2
----------
Epoch 2/2
----------
Epoch 1/2
----------
Epoch 2/2
----------
Epoch 1/2
----------
Epoch 2/2
----------
Epoch 1/2
----------
Epoch 2/2
----------
Epoch 1/2
----------
Epoch 2/2
----------
Epoch 1/2
----------
Epoch 2/2
----------
micro     precision: 0.7268 | recall: 0.2839 | f1-score: 0.4083 | support: 76221 | mAP: 0.6045
macro     precision: 0.5337 | recall: 0.1691 | f1-score: 0.2112 | support: 76221 | mAP: 0.4064

Round 34/40
----------
Epoch 1/2
----------
Epoch 2/2
----------
Epoch 1/2
----------
Epoch 2/2
----------
Epoch 1/2
----------
Epoch 2/2
----------
Epoch 1/2
----------
Epoch 2/2
----------
Epoch 1/2
----------
Epoch 2/2
----------
Epoch 1/2
----------
Epoch 2/2
----------
Epoch 1/2
----------
Epoch 2/2
----------
Epoch 1/2
----------
Epoch 2/2
----------
micro     precision: 0.7717 | recall: 0.2722 | f1-score: 0.4025 | support: 76221 | mAP: 0.6001
macro     precision: 0.5677 | recall: 0.1840 | f1-score: 0.2341 | support: 76221 | mAP: 0.4192

Round 35/40
----------
Epoch 1/2
----------
Epoch 2/2
----------
Epoch 1/2
----------
Epoch 2/2
----------
Epoch 1/2
----------
Epoch 2/2
----------
Epoch 1/2
----------
Epoch 2/2
----------
Epoch 1/2
----------
Epoch 2/2
----------
Epoch 1/2
----------
Epoch 2/2
----------
Epoch 1/2
----------
Epoch 2/2
----------
Epoch 1/2
----------
Epoch 2/2
----------
micro     precision: 0.7541 | recall: 0.3053 | f1-score: 0.4347 | support: 76221 | mAP: 0.6081
macro     precision: 0.4499 | recall: 0.1790 | f1-score: 0.2153 | support: 76221 | mAP: 0.4189

Round 36/40
----------
Epoch 1/2
----------
Epoch 2/2
----------
Epoch 1/2
----------
Epoch 2/2
----------
Epoch 1/2
----------
Epoch 2/2
----------
Epoch 1/2
----------
Epoch 2/2
----------
Epoch 1/2
----------
Epoch 2/2
----------
Epoch 1/2
----------
Epoch 2/2
----------
Epoch 1/2
----------
Epoch 2/2
----------
Epoch 1/2
----------
Epoch 2/2
----------
micro     precision: 0.6672 | recall: 0.2521 | f1-score: 0.3659 | support: 76221 | mAP: 0.5667
macro     precision: 0.4714 | recall: 0.1524 | f1-score: 0.1934 | support: 76221 | mAP: 0.4016

Round 37/40
----------
Epoch 1/2
----------
Epoch 2/2
----------
Epoch 1/2
----------
Epoch 2/2
----------
Epoch 1/2
----------
Epoch 2/2
----------
Epoch 1/2
----------
Epoch 2/2
----------
Epoch 1/2
----------
Epoch 2/2
----------
Epoch 1/2
----------
Epoch 2/2
----------
Epoch 1/2
----------
Epoch 2/2
----------
Epoch 1/2
----------
Epoch 2/2
----------
micro     precision: 0.7022 | recall: 0.4277 | f1-score: 0.5316 | support: 76221 | mAP: 0.6306
macro     precision: 0.5039 | recall: 0.2453 | f1-score: 0.2909 | support: 76221 | mAP: 0.4259

Round 38/40
----------
Epoch 1/2
----------
Epoch 2/2
----------
Epoch 1/2
----------
Epoch 2/2
----------
Epoch 1/2
----------
Epoch 2/2
----------
Epoch 1/2
----------
Epoch 2/2
----------
Epoch 1/2
----------
Epoch 2/2
----------
Epoch 1/2
----------
Epoch 2/2
----------
Epoch 1/2
----------
Epoch 2/2
----------
Epoch 1/2
----------
Epoch 2/2
----------
micro     precision: 0.7787 | recall: 0.2494 | f1-score: 0.3778 | support: 76221 | mAP: 0.6078
macro     precision: 0.4842 | recall: 0.1778 | f1-score: 0.2248 | support: 76221 | mAP: 0.4243

Round 39/40
----------
Epoch 1/2
----------
Epoch 2/2
----------
Epoch 1/2
----------
Epoch 2/2
----------
Epoch 1/2
----------
Epoch 2/2
----------
Epoch 1/2
----------
Epoch 2/2
----------
Epoch 1/2
----------
Epoch 2/2
----------
Epoch 1/2
----------
Epoch 2/2
----------
Epoch 1/2
----------
Epoch 2/2
----------
Epoch 1/2
----------
Epoch 2/2
----------
micro     precision: 0.6631 | recall: 0.3828 | f1-score: 0.4854 | support: 76221 | mAP: 0.5867
macro     precision: 0.4597 | recall: 0.2129 | f1-score: 0.2572 | support: 76221 | mAP: 0.4011

Round 40/40
----------
Epoch 1/2
----------
Epoch 2/2
----------
Epoch 1/2
----------
Epoch 2/2
----------
Epoch 1/2
----------
Epoch 2/2
----------
Epoch 1/2
----------
Epoch 2/2
----------
Epoch 1/2
----------
Epoch 2/2
----------
Epoch 1/2
----------
Epoch 2/2
----------
Epoch 1/2
----------
Epoch 2/2
----------
Epoch 1/2
----------
Epoch 2/2
----------
micro     precision: 0.6720 | recall: 0.2083 | f1-score: 0.3180 | support: 76221 | mAP: 0.5648
macro     precision: 0.4932 | recall: 0.1249 | f1-score: 0.1480 | support: 76221 | mAP: 0.4139

[{'0': {'precision': [], 'recall': [], 'f1-score': [], 'support': []}, '1': {'precision': [], 'recall': [], 'f1-score': [], 'support': []}, '2': {'precision': [], 'recall': [], 'f1-score': [], 'support': []}, '3': {'precision': [], 'recall': [], 'f1-score': [], 'support': []}, '4': {'precision': [], 'recall': [], 'f1-score': [], 'support': []}, '5': {'precision': [], 'recall': [], 'f1-score': [], 'support': []}, '6': {'precision': [], 'recall': [], 'f1-score': [], 'support': []}, '7': {'precision': [], 'recall': [], 'f1-score': [], 'support': []}, '8': {'precision': [], 'recall': [], 'f1-score': [], 'support': []}, '9': {'precision': [], 'recall': [], 'f1-score': [], 'support': []}, '10': {'precision': [], 'recall': [], 'f1-score': [], 'support': []}, '11': {'precision': [], 'recall': [], 'f1-score': [], 'support': []}, '12': {'precision': [], 'recall': [], 'f1-score': [], 'support': []}, '13': {'precision': [], 'recall': [], 'f1-score': [], 'support': []}, '14': {'precision': [], 'recall': [], 'f1-score': [], 'support': []}, '15': {'precision': [], 'recall': [], 'f1-score': [], 'support': []}, '16': {'precision': [], 'recall': [], 'f1-score': [], 'support': []}, '17': {'precision': [], 'recall': [], 'f1-score': [], 'support': []}, '18': {'precision': [], 'recall': [], 'f1-score': [], 'support': []}, 'micro avg': {'precision': [], 'recall': [], 'f1-score': [], 'support': []}, 'macro avg': {'precision': [], 'recall': [], 'f1-score': [], 'support': []}, 'weighted avg': {'precision': [], 'recall': [], 'f1-score': [], 'support': []}, 'ap_mic': [], 'ap_mac': []}, {'0': {'precision': [], 'recall': [], 'f1-score': [], 'support': []}, '1': {'precision': [], 'recall': [], 'f1-score': [], 'support': []}, '2': {'precision': [], 'recall': [], 'f1-score': [], 'support': []}, '3': {'precision': [], 'recall': [], 'f1-score': [], 'support': []}, '4': {'precision': [], 'recall': [], 'f1-score': [], 'support': []}, '5': {'precision': [], 'recall': [], 'f1-score': [], 'support': []}, '6': {'precision': [], 'recall': [], 'f1-score': [], 'support': []}, '7': {'precision': [], 'recall': [], 'f1-score': [], 'support': []}, '8': {'precision': [], 'recall': [], 'f1-score': [], 'support': []}, '9': {'precision': [], 'recall': [], 'f1-score': [], 'support': []}, '10': {'precision': [], 'recall': [], 'f1-score': [], 'support': []}, '11': {'precision': [], 'recall': [], 'f1-score': [], 'support': []}, '12': {'precision': [], 'recall': [], 'f1-score': [], 'support': []}, '13': {'precision': [], 'recall': [], 'f1-score': [], 'support': []}, '14': {'precision': [], 'recall': [], 'f1-score': [], 'support': []}, '15': {'precision': [], 'recall': [], 'f1-score': [], 'support': []}, '16': {'precision': [], 'recall': [], 'f1-score': [], 'support': []}, '17': {'precision': [], 'recall': [], 'f1-score': [], 'support': []}, '18': {'precision': [], 'recall': [], 'f1-score': [], 'support': []}, 'micro avg': {'precision': [], 'recall': [], 'f1-score': [], 'support': []}, 'macro avg': {'precision': [], 'recall': [], 'f1-score': [], 'support': []}, 'weighted avg': {'precision': [], 'recall': [], 'f1-score': [], 'support': []}, 'ap_mic': [], 'ap_mac': []}, {'0': {'precision': [], 'recall': [], 'f1-score': [], 'support': []}, '1': {'precision': [], 'recall': [], 'f1-score': [], 'support': []}, '2': {'precision': [], 'recall': [], 'f1-score': [], 'support': []}, '3': {'precision': [], 'recall': [], 'f1-score': [], 'support': []}, '4': {'precision': [], 'recall': [], 'f1-score': [], 'support': []}, '5': {'precision': [], 'recall': [], 'f1-score': [], 'support': []}, '6': {'precision': [], 'recall': [], 'f1-score': [], 'support': []}, '7': {'precision': [], 'recall': [], 'f1-score': [], 'support': []}, '8': {'precision': [], 'recall': [], 'f1-score': [], 'support': []}, '9': {'precision': [], 'recall': [], 'f1-score': [], 'support': []}, '10': {'precision': [], 'recall': [], 'f1-score': [], 'support': []}, '11': {'precision': [], 'recall': [], 'f1-score': [], 'support': []}, '12': {'precision': [], 'recall': [], 'f1-score': [], 'support': []}, '13': {'precision': [], 'recall': [], 'f1-score': [], 'support': []}, '14': {'precision': [], 'recall': [], 'f1-score': [], 'support': []}, '15': {'precision': [], 'recall': [], 'f1-score': [], 'support': []}, '16': {'precision': [], 'recall': [], 'f1-score': [], 'support': []}, '17': {'precision': [], 'recall': [], 'f1-score': [], 'support': []}, '18': {'precision': [], 'recall': [], 'f1-score': [], 'support': []}, 'micro avg': {'precision': [], 'recall': [], 'f1-score': [], 'support': []}, 'macro avg': {'precision': [], 'recall': [], 'f1-score': [], 'support': []}, 'weighted avg': {'precision': [], 'recall': [], 'f1-score': [], 'support': []}, 'ap_mic': [], 'ap_mac': []}, {'0': {'precision': [], 'recall': [], 'f1-score': [], 'support': []}, '1': {'precision': [], 'recall': [], 'f1-score': [], 'support': []}, '2': {'precision': [], 'recall': [], 'f1-score': [], 'support': []}, '3': {'precision': [], 'recall': [], 'f1-score': [], 'support': []}, '4': {'precision': [], 'recall': [], 'f1-score': [], 'support': []}, '5': {'precision': [], 'recall': [], 'f1-score': [], 'support': []}, '6': {'precision': [], 'recall': [], 'f1-score': [], 'support': []}, '7': {'precision': [], 'recall': [], 'f1-score': [], 'support': []}, '8': {'precision': [], 'recall': [], 'f1-score': [], 'support': []}, '9': {'precision': [], 'recall': [], 'f1-score': [], 'support': []}, '10': {'precision': [], 'recall': [], 'f1-score': [], 'support': []}, '11': {'precision': [], 'recall': [], 'f1-score': [], 'support': []}, '12': {'precision': [], 'recall': [], 'f1-score': [], 'support': []}, '13': {'precision': [], 'recall': [], 'f1-score': [], 'support': []}, '14': {'precision': [], 'recall': [], 'f1-score': [], 'support': []}, '15': {'precision': [], 'recall': [], 'f1-score': [], 'support': []}, '16': {'precision': [], 'recall': [], 'f1-score': [], 'support': []}, '17': {'precision': [], 'recall': [], 'f1-score': [], 'support': []}, '18': {'precision': [], 'recall': [], 'f1-score': [], 'support': []}, 'micro avg': {'precision': [], 'recall': [], 'f1-score': [], 'support': []}, 'macro avg': {'precision': [], 'recall': [], 'f1-score': [], 'support': []}, 'weighted avg': {'precision': [], 'recall': [], 'f1-score': [], 'support': []}, 'ap_mic': [], 'ap_mac': []}, {'0': {'precision': [], 'recall': [], 'f1-score': [], 'support': []}, '1': {'precision': [], 'recall': [], 'f1-score': [], 'support': []}, '2': {'precision': [], 'recall': [], 'f1-score': [], 'support': []}, '3': {'precision': [], 'recall': [], 'f1-score': [], 'support': []}, '4': {'precision': [], 'recall': [], 'f1-score': [], 'support': []}, '5': {'precision': [], 'recall': [], 'f1-score': [], 'support': []}, '6': {'precision': [], 'recall': [], 'f1-score': [], 'support': []}, '7': {'precision': [], 'recall': [], 'f1-score': [], 'support': []}, '8': {'precision': [], 'recall': [], 'f1-score': [], 'support': []}, '9': {'precision': [], 'recall': [], 'f1-score': [], 'support': []}, '10': {'precision': [], 'recall': [], 'f1-score': [], 'support': []}, '11': {'precision': [], 'recall': [], 'f1-score': [], 'support': []}, '12': {'precision': [], 'recall': [], 'f1-score': [], 'support': []}, '13': {'precision': [], 'recall': [], 'f1-score': [], 'support': []}, '14': {'precision': [], 'recall': [], 'f1-score': [], 'support': []}, '15': {'precision': [], 'recall': [], 'f1-score': [], 'support': []}, '16': {'precision': [], 'recall': [], 'f1-score': [], 'support': []}, '17': {'precision': [], 'recall': [], 'f1-score': [], 'support': []}, '18': {'precision': [], 'recall': [], 'f1-score': [], 'support': []}, 'micro avg': {'precision': [], 'recall': [], 'f1-score': [], 'support': []}, 'macro avg': {'precision': [], 'recall': [], 'f1-score': [], 'support': []}, 'weighted avg': {'precision': [], 'recall': [], 'f1-score': [], 'support': []}, 'ap_mic': [], 'ap_mac': []}, {'0': {'precision': [], 'recall': [], 'f1-score': [], 'support': []}, '1': {'precision': [], 'recall': [], 'f1-score': [], 'support': []}, '2': {'precision': [], 'recall': [], 'f1-score': [], 'support': []}, '3': {'precision': [], 'recall': [], 'f1-score': [], 'support': []}, '4': {'precision': [], 'recall': [], 'f1-score': [], 'support': []}, '5': {'precision': [], 'recall': [], 'f1-score': [], 'support': []}, '6': {'precision': [], 'recall': [], 'f1-score': [], 'support': []}, '7': {'precision': [], 'recall': [], 'f1-score': [], 'support': []}, '8': {'precision': [], 'recall': [], 'f1-score': [], 'support': []}, '9': {'precision': [], 'recall': [], 'f1-score': [], 'support': []}, '10': {'precision': [], 'recall': [], 'f1-score': [], 'support': []}, '11': {'precision': [], 'recall': [], 'f1-score': [], 'support': []}, '12': {'precision': [], 'recall': [], 'f1-score': [], 'support': []}, '13': {'precision': [], 'recall': [], 'f1-score': [], 'support': []}, '14': {'precision': [], 'recall': [], 'f1-score': [], 'support': []}, '15': {'precision': [], 'recall': [], 'f1-score': [], 'support': []}, '16': {'precision': [], 'recall': [], 'f1-score': [], 'support': []}, '17': {'precision': [], 'recall': [], 'f1-score': [], 'support': []}, '18': {'precision': [], 'recall': [], 'f1-score': [], 'support': []}, 'micro avg': {'precision': [], 'recall': [], 'f1-score': [], 'support': []}, 'macro avg': {'precision': [], 'recall': [], 'f1-score': [], 'support': []}, 'weighted avg': {'precision': [], 'recall': [], 'f1-score': [], 'support': []}, 'ap_mic': [], 'ap_mac': []}, {'0': {'precision': [], 'recall': [], 'f1-score': [], 'support': []}, '1': {'precision': [], 'recall': [], 'f1-score': [], 'support': []}, '2': {'precision': [], 'recall': [], 'f1-score': [], 'support': []}, '3': {'precision': [], 'recall': [], 'f1-score': [], 'support': []}, '4': {'precision': [], 'recall': [], 'f1-score': [], 'support': []}, '5': {'precision': [], 'recall': [], 'f1-score': [], 'support': []}, '6': {'precision': [], 'recall': [], 'f1-score': [], 'support': []}, '7': {'precision': [], 'recall': [], 'f1-score': [], 'support': []}, '8': {'precision': [], 'recall': [], 'f1-score': [], 'support': []}, '9': {'precision': [], 'recall': [], 'f1-score': [], 'support': []}, '10': {'precision': [], 'recall': [], 'f1-score': [], 'support': []}, '11': {'precision': [], 'recall': [], 'f1-score': [], 'support': []}, '12': {'precision': [], 'recall': [], 'f1-score': [], 'support': []}, '13': {'precision': [], 'recall': [], 'f1-score': [], 'support': []}, '14': {'precision': [], 'recall': [], 'f1-score': [], 'support': []}, '15': {'precision': [], 'recall': [], 'f1-score': [], 'support': []}, '16': {'precision': [], 'recall': [], 'f1-score': [], 'support': []}, '17': {'precision': [], 'recall': [], 'f1-score': [], 'support': []}, '18': {'precision': [], 'recall': [], 'f1-score': [], 'support': []}, 'micro avg': {'precision': [], 'recall': [], 'f1-score': [], 'support': []}, 'macro avg': {'precision': [], 'recall': [], 'f1-score': [], 'support': []}, 'weighted avg': {'precision': [], 'recall': [], 'f1-score': [], 'support': []}, 'ap_mic': [], 'ap_mac': []}, {'0': {'precision': [], 'recall': [], 'f1-score': [], 'support': []}, '1': {'precision': [], 'recall': [], 'f1-score': [], 'support': []}, '2': {'precision': [], 'recall': [], 'f1-score': [], 'support': []}, '3': {'precision': [], 'recall': [], 'f1-score': [], 'support': []}, '4': {'precision': [], 'recall': [], 'f1-score': [], 'support': []}, '5': {'precision': [], 'recall': [], 'f1-score': [], 'support': []}, '6': {'precision': [], 'recall': [], 'f1-score': [], 'support': []}, '7': {'precision': [], 'recall': [], 'f1-score': [], 'support': []}, '8': {'precision': [], 'recall': [], 'f1-score': [], 'support': []}, '9': {'precision': [], 'recall': [], 'f1-score': [], 'support': []}, '10': {'precision': [], 'recall': [], 'f1-score': [], 'support': []}, '11': {'precision': [], 'recall': [], 'f1-score': [], 'support': []}, '12': {'precision': [], 'recall': [], 'f1-score': [], 'support': []}, '13': {'precision': [], 'recall': [], 'f1-score': [], 'support': []}, '14': {'precision': [], 'recall': [], 'f1-score': [], 'support': []}, '15': {'precision': [], 'recall': [], 'f1-score': [], 'support': []}, '16': {'precision': [], 'recall': [], 'f1-score': [], 'support': []}, '17': {'precision': [], 'recall': [], 'f1-score': [], 'support': []}, '18': {'precision': [], 'recall': [], 'f1-score': [], 'support': []}, 'micro avg': {'precision': [], 'recall': [], 'f1-score': [], 'support': []}, 'macro avg': {'precision': [], 'recall': [], 'f1-score': [], 'support': []}, 'weighted avg': {'precision': [], 'recall': [], 'f1-score': [], 'support': []}, 'ap_mic': [], 'ap_mac': []}]
